jeff@jeff-VirtualBox:~$ docker run -d --name wordpressdb -e MYSQL_ROOT_PASSWORD=password -e MYSQL_DATABASE=wordpress mysql:5.7
2742f6d085e706b00d055def1f1df3ff09e89649f22572149848ad32d2056e67
jeff@jeff-VirtualBox:~$ docker run -d -e WORDPRESS_DB_PASSWORD=password --name wordpress --link wordpressdb:mysql -p 80 wordpress
Unable to find image 'wordpress:latest' locally
latest: Pulling from library/wordpress
000eee12ec04: Already exists
8ae4f9fcfeea: Pull complete
60f22fbbd07a: Pull complete
ccc7a63ad75f: Pull complete
a2427b8dd6e7: Pull complete
91cac3b30184: Pull complete
d6e40015fc10: Pull complete
3951eb02eb9d: Pull complete
a30c5ce4d825: Pull complete
1d2fc8e19e4d: Pull complete
9b97f2ec9d5a: Pull complete
4718e44d224b: Pull complete
2634bc7ec724: Pull complete
e796f1fd7c17: Pull complete
4bf321c4d9fe: Pull complete
76f3acfcb098: Pull complete
81aed30aa994: Pull complete
cddcbd84aeb0: Pull complete
15bc50e4fc70: Pull complete
6cb2d36fffb1: Pull complete
c6d4d9c94101: Pull complete
Digest: sha256:dc5f6894f36e276306a0588f4f6012116efb99baee330967b744fdad6ec33445
Status: Downloaded newer image for wordpress:latest
ec4f02389ee52bd1deb2aa77cb31585ab9eddecdf185a8cdab7874c74ae570f9
jeff@jeff-VirtualBox:~$ docker ps
CONTAINER ID        IMAGE                    COMMAND                  CREATED             STATUS              PORTS                    NAMES
ec4f02389ee5        wordpress                "docker-entrypoint.s…"   5 seconds ago       Up 4 seconds        0.0.0.0:32768->80/tcp    wordpress
2742f6d085e7        mysql:5.7                "docker-entrypoint.s…"   2 minutes ago       Up About a minute   3306/tcp, 33060/tcp      wordpressdb
13c90f37879d        nginx                    "nginx -g 'daemon of…"   15 minutes ago      Up 15 minutes       0.0.0.0:80->80/tcp       webserver
d962d6b7896b        centos:6                 "bash"                   43 minutes ago      Up 43 minutes                                centos6_test
615ca25e6790        centos:7                 "bash"                   About an hour ago   Up About an hour                             cranky_proskuriakova
6a395b126fd1        centos:7                 "bash"                   About an hour ago   Up About an hour                             lucid_wu
66f77750e28f        ubuntu                   "/bin/bash"              2 hours ago         Up 2 hours                                   frosty_lalande
37919df107b4        ubuntu:16.04             "/bin/bash"              2 hours ago         Up 2 hours                                   ubuntu_volume
a2525e88b979        google/cadvisor:latest   "/usr/bin/cadvisor -…"   3 hours ago         Up 3 hours          0.0.0.0:8080->8080/tcp   cadvisor
165ced5dd18b        nginx                    "nginx -g 'daemon of…"   3 hours ago         Up 3 hours          80/tcp                   ngninx_mem_1g
jeff@jeff-VirtualBox:~$ docker port wordpress
80/tcp -> 0.0.0.0:32768
jeff@jeff-VirtualBox:~$ docker exec -it wordpress bash
root@ec4f02389ee5:/var/www/html# cd
root@ec4f02389ee5:~# mysql -uroot -ppassword
bash: mysql: command not found
root@ec4f02389ee5:~# cd /
root@ec4f02389ee5:/# mysql -uroot -ppassword
bash: mysql: command not found
root@ec4f02389ee5:/# read escape sequence
jeff@jeff-VirtualBox:~$
jeff@jeff-VirtualBox:~$
jeff@jeff-VirtualBox:~$ docker exec -it wordpressdb bash
root@2742f6d085e7:/# mysql -uroot -ppassword
mysql: [Warning] Using a password on the command line interface can be insecure.
Welcome to the MySQL monitor.  Commands end with ; or \g.
Your MySQL connection id is 3
Server version: 5.7.28 MySQL Community Server (GPL)

Copyright (c) 2000, 2019, Oracle and/or its affiliates. All rights reserved.

Oracle is a registered trademark of Oracle Corporation and/or its
affiliates. Other names may be trademarks of their respective
owners.

Type 'help;' or '\h' for help. Type '\c' to clear the current input statement.

mysql> SHOW DATABASES;
+--------------------+
| Database           |
+--------------------+
| information_schema |
| mysql              |
| performance_schema |
| sys                |
| wordpress          |
+--------------------+
5 rows in set (0.00 sec)

mysql> USE wordpress;
Database changed


mysql> SHOW TABLES;
Empty set (0.00 sec)


------------------- 작업 후 --------------------------------




mysql> SHOW TABLES;
+-----------------------+
| Tables_in_wordpress   |
+-----------------------+
| wp_commentmeta        |
| wp_comments           |
| wp_links              |
| wp_options            |
| wp_postmeta           |
| wp_posts              |
| wp_term_relationships |
| wp_term_taxonomy      |
| wp_termmeta           |
| wp_terms              |
| wp_usermeta           |
| wp_users              |
+-----------------------+
12 rows in set (0.00 sec)

mysql> SELECT * FROM wp_links;
Empty set (0.00 sec)

mysql> SELECT * FROM wp_comments;
+------------+-----------------+----------------+-------------------------+------------------------+-------------------+---------------------+---------------------+----------------------------------------------------------------------------------------------------------------------------+---------------+------------------+---------------+--------------+----------------+---------+
| comment_ID | comment_post_ID | comment_author | comment_author_email    | comment_author_url     | comment_author_IP | comment_date        | comment_date_gmt    | comment_content                                                                                                            | comment_karma | comment_approved | comment_agent | comment_type | comment_parent | user_id |
+------------+-----------------+----------------+-------------------------+------------------------+-------------------+---------------------+---------------------+----------------------------------------------------------------------------------------------------------------------------+---------------+------------------+---------------+--------------+----------------+---------+
|          1 |               1 | ????? ?? ???   | wapuu@wordpress.example | https://wordpress.org/ |                   | 2019-11-30 12:25:32 | 2019-11-30 03:25:32 | ?????, ??? ?????.
??? ??, ??, ??? ????? ??? ??? ?? ???? ???.
?? ???? ???? <a href="https://gravatar.com">????</a>?? ?????. |             0 | 1                |               |              |              0 |       0 |
+------------+-----------------+----------------+-------------------------+------------------------+-------------------+---------------------+---------------------+----------------------------------------------------------------------------------------------------------------------------+---------------+------------------+---------------+--------------+----------------+---------+
1 row in set (0.00 sec)

mysql> SELECT * FROM wp_users;
+----+------------+------------------------------------+---------------+--------------------+----------+---------------------+---------------------+-------------+--------------+
| ID | user_login | user_pass                          | user_nicename | user_email         | user_url | user_registered     | user_activation_key | user_status | display_name |
+----+------------+------------------------------------+---------------+--------------------+----------+---------------------+---------------------+-------------+--------------+
|  1 | docker     | $P$BZP2o3SyPEuvy7wZDrUt4WAw4pOTYf1 | docker        | quarklep@naver.com |          | 2019-11-30 03:25:32 |                     |           0 | docker       |
+----+------------+------------------------------------+---------------+--------------------+----------+---------------------+---------------------+-------------+--------------+
1 row in set (0.00 sec)

======================================================================================================

jeff@jeff-VirtualBox:~$ docker container ps -a
CONTAINER ID        IMAGE                              COMMAND                  CREATED             STATUS                     PORTS               NAMES
ec4f02389ee5        wordpress                          "docker-entrypoint.s…"   2 hours ago         Exited (0) 2 hours ago                         wordpress
2742f6d085e7        mysql:5.7                          "docker-entrypoint.s…"   2 hours ago         Exited (0) 2 hours ago                         wordpressdb
13c90f37879d        nginx                              "nginx -g 'daemon of…"   2 hours ago         Exited (0) 2 hours ago                         webserver
d962d6b7896b        centos:6                           "bash"                   2 hours ago         Exited (137) 2 hours ago                       centos6_test
615ca25e6790        centos:7                           "bash"                   3 hours ago         Exited (137) 2 hours ago                       cranky_proskuriakova
6a395b126fd1        centos:7                           "bash"                   3 hours ago         Exited (137) 2 hours ago                       lucid_wu
66f77750e28f        ubuntu                             "/bin/bash"              3 hours ago         Exited (0) 2 hours ago                         frosty_lalande
b834c901f733        ubuntu                             "/bin/bash"              3 hours ago         Exited (0) 2 hours ago                         suspicious_hamilton
37919df107b4        ubuntu:16.04                       "/bin/bash"              4 hours ago         Exited (0) 2 hours ago                         ubuntu_volume
afce815e0af6        alicek106/stress                   "stress --cpu 2"         4 hours ago         Exited (137) 4 hours ago                       cpuset_2
5d084b306d1b        alicek106/stress                   "stress --cpu 1"         4 hours ago         Exited (137) 4 hours ago                       cpuset_1
a2525e88b979        google/cadvisor:latest             "/usr/bin/cadvisor -…"   4 hours ago         Exited (0) 2 hours ago                         cadvisor
165ced5dd18b        nginx                              "nginx -g 'daemon of…"   4 hours ago         Exited (0) 2 hours ago                         ngninx_mem_1g
276af4c95f95        ssh-test-image:0.0                 "/bin/bash"              6 days ago          Exited (137) 6 days ago                        c7_ssh_test2
8f15500fb721        ssh-test-image:0.0                 "/bin/bash"              6 days ago          Exited (137) 6 days ago                        c7_ssh_test1
51fcf4c0e296        centos:7                           "/bin/bash"              6 days ago          Exited (137) 6 days ago                        c7_ssh
ce4ea61ce07d        ubuntu:16.04                       "/bin/bash"              6 days ago          Exited (0) 6 days ago                          ubuntu2
aa03a55f91e5        ubuntu:16.04                       "/bin/bash"              6 days ago          Exited (0) 6 days ago                          ubuntu1
35084c856a03        centos                             "/bin/bash"              6 days ago          Exited (0) 6 days ago                          fervent_noyce
2930e2b910e1        ubuntu:14.04                       "/bin/bash"              6 days ago          Exited (0) 6 days ago                          mywebserver
9413f299c0a1        my-nginx-image:latest              "bash"                   6 days ago          Exited (0) 6 days ago                          wonderful_thompson
c8f8178c72ab        centos                             "/bin/ping 192.168.5…"   6 days ago          Exited (137) 6 days ago                        jolly_khayyam
0a0de5dbe518        centos                             "/bin/ping localhost"    6 days ago          Exited (137) 6 days ago                        infallible_hermann
3c50afdf9087        tensorflow/tensorflow:latest-py3   "/bin/bash"              7 days ago          Exited (0) 6 days ago                          hardcore_leavitt
cef84e3d19b0        orangehrm/oracle-xe-11g:latest     "bash"                   7 days ago          Created                                        nostalgic_visvesvaraya
c45ccd05d88f        orangehrm/oracle-xe-11g:latest     "bash"                   7 days ago          Exited (137) 6 days ago                        silly_swartz
da331fd0b328        my-nginx-image:latest              "nginx -g 'daemon of…"   7 days ago          Exited (0) 6 days ago                          musing_blackburn
c17ff1f969d0        mysql:5.7                          "docker-entrypoint.s…"   7 days ago          Exited (0) 6 days ago                          inspiring_carson
a8a8e6dc1c2a        ubuntu:latest                      "bash"                   7 days ago          Exited (0) 6 days ago                          romantic_fermi
3f77eb79192d        centos:7                           "/bin/bash"              7 days ago          Exited (137) 6 days ago                        cocky_leakey

jeff@jeff-VirtualBox:~$ docker rm wordpress
wordpress
jeff@jeff-VirtualBox:~$ docker rm wordpressdb
wordpressdb


jeff@jeff-VirtualBox:~$ docker network create --driver=bridge wp-network
8bc9117e61393ae797496ada6298f35fe7958f81f989694b15f2e85965e23666

jeff@jeff-VirtualBox:~$ docker network ls
NETWORK ID          NAME                DRIVER              SCOPE
073ebc8accf2        appdb-net           bridge              local
85f1698b9ee7        bridge              bridge              local
ccad6a98a769        host                host                local
b438bf2284c6        none                null                local
2525d7864284        webap-net           bridge              local
8bc9117e6139        wp-network          bridge              local

jeff@jeff-VirtualBox:~$ docker run -d --name wp-db --network wp-network -e MYSQL_ROOT_PASSWORD=password1 -e MYSQL_DATABASE=wp -v `pwd`/wp_db:/var/lib/mysql mysql:5.7
46578a752db435009af5fb9672a80e0cdb6407efdaa048da94421b5cc6718aa3

jeff@jeff-VirtualBox:~$ docker run -d --name wp --network wp-network -e WORDPRESS_DB_PASSWORD=password1 -e WORDPRESS_DB_HOST=wp-db -p 8080:80 wordpress
48c6ec42a1f8176cdd538b47c6c5a45d537a2b5d0ba718493dd3c099b7495d0f

jeff@jeff-VirtualBox:~$ docker ps
CONTAINER ID        IMAGE               COMMAND                  CREATED              STATUS              PORTS                  NAMES
48c6ec42a1f8        wordpress           "docker-entrypoint.s…"   5 seconds ago        Up 3 seconds        0.0.0.0:8080->80/tcp   wp
46578a752db4        mysql:5.7           "docker-entrypoint.s…"   About a minute ago   Up About a minute   3306/tcp, 33060/tcp    wp-db

jeff@jeff-VirtualBox:~$ docker exec -it wp-db bash

root@46578a752db4:/# mysql -uroot -ppassword1
mysql: [Warning] Using a password on the command line interface can be insecure.
Welcome to the MySQL monitor.  Commands end with ; or \g.
Your MySQL connection id is 3
Server version: 5.7.28 MySQL Community Server (GPL)

Copyright (c) 2000, 2019, Oracle and/or its affiliates. All rights reserved.

Oracle is a registered trademark of Oracle Corporation and/or its
affiliates. Other names may be trademarks of their respective
owners.

Type 'help;' or '\h' for help. Type '\c' to clear the current input statement.

mysql> SHOW DATABASES;
+--------------------+
| Database           |
+--------------------+
| information_schema |
| mysql              |
| performance_schema |
| sys                |
| wordpress          |
| wp                 |
+--------------------+
6 rows in set (0.00 sec)

mysql> CREATE DATABASE docker_testdb;
Query OK, 1 row affected (0.00 sec)

mysql> SHOW DATABASES;
+--------------------+
| Database           |
+--------------------+
| information_schema |
| docker_testdb      |
| mysql              |
| performance_schema |
| sys                |
| wordpress          |
| wp                 |
+--------------------+
7 rows in set (0.00 sec)

mysql> quit;
Bye

----만든 DB가 외부에서도 확인된다 ------
root@46578a752db4:/# ls /var/lib/mysql
auto.cnf    ca.pem           client-key.pem  ib_buffer_pool  ib_logfile1  ibtmp1  performance_schema  public_key.pem   server-key.pem  wordpress
ca-key.pem  client-cert.pem  docker_testdb   ib_logfile0     ibdata1      mysql   private_key.pem     server-cert.pem  sys             wp

root@46578a752db4:/#
root@46578a752db4:/# read escape sequence


jeff@jeff-VirtualBox:~$ ls wp_db/
auto.cnf    ca.pem           client-key.pem  ib_buffer_pool  ib_logfile0  ibtmp1  performance_schema  public_key.pem   server-key.pem  wordpress
ca-key.pem  client-cert.pem  docker_testdb   ibdata1         ib_logfile1  mysql   private_key.pem     server-cert.pem  sys             wp

-------------------- Another Terminal ------bind mount 확인 -------
jeff@jeff-VirtualBox:~$ docker inspect --format="{{ .HostConfig.Binds }}" wp-db
[/home/jeff/wp_db:/var/lib/mysql]

---------------------------------------------------------------------

jeff@jeff-VirtualBox:~$ docker ps
CONTAINER ID        IMAGE               COMMAND                  CREATED             STATUS              PORTS                  NAMES
48c6ec42a1f8        wordpress           "docker-entrypoint.s…"   13 minutes ago      Up 13 minutes       0.0.0.0:8080->80/tcp   wp
46578a752db4        mysql:5.7           "docker-entrypoint.s…"   14 minutes ago      Up 14 minutes       3306/tcp, 33060/tcp    wp-db

jeff@jeff-VirtualBox:~$ docker container stop wp
wp
jeff@jeff-VirtualBox:~$ docker container stop wp-db
wp-db
jeff@jeff-VirtualBox:~$ docker rm wp
wp
jeff@jeff-VirtualBox:~$ docker rm wp-db
wp-db

삭제해도 호스트 OS에 DB는 여전히 남아있다.
jeff@jeff-VirtualBox:~$ ls wp_db/
auto.cnf    ca.pem           client-key.pem  ib_buffer_pool  ib_logfile0  mysql               private_key.pem  server-cert.pem  sys        wp
ca-key.pem  client-cert.pem  docker_testdb   ibdata1         ib_logfile1  performance_schema  public_key.pem   server-key.pem   wordpress


=================================================================================

jeff@jeff-VirtualBox:~$ docker ps
CONTAINER ID        IMAGE               COMMAND                  CREATED             STATUS              PORTS                  NAMES
48c6ec42a1f8        wordpress           "docker-entrypoint.s…"   13 minutes ago      Up 13 minutes       0.0.0.0:8080->80/tcp   wp
46578a752db4        mysql:5.7           "docker-entrypoint.s…"   14 minutes ago      Up 14 minutes       3306/tcp, 33060/tcp    wp-db
jeff@jeff-VirtualBox:~$ docker container stop wp
wp
jeff@jeff-VirtualBox:~$ docker container stop wp-db
wp-db
jeff@jeff-VirtualBox:~$ docker rm wp
wp
jeff@jeff-VirtualBox:~$ docker rm wp-db
wp-db

jeff@jeff-VirtualBox:~$ ls wp_db/
auto.cnf    ca.pem           client-key.pem  ib_buffer_pool  ib_logfile0  mysql               private_key.pem  server-cert.pem  sys        wp
ca-key.pem  client-cert.pem  docker_testdb   ibdata1         ib_logfile1  performance_schema  public_key.pem   server-key.pem   wordpress

jeff@jeff-VirtualBox:~$ docker volume create wp-db-volume
wp-db-volume

jeff@jeff-VirtualBox:~$ docker volume ls
DRIVER              VOLUME NAME
local               45e704918a02cc6bb10ee33324c912fccb43fdaa5cfa5711a52c18a048af0d71
local               0513fe7905ec43ce84c594bc8f81990d90f22dedba6cdbf843c0445f14ca1f75
local               0315539bb44f0544ce405bcad5a8e12be3286cdf8ab1bf0916c0bab4a4270aa3
local               19783759be7c9d315a10d72717f7654e6a43f3c6c146b2e2cb3561b80dd4a66d
local               bd38364c611b32802c22349ddd44ec7c54764b3cace5cdfb411233d8f5d3bcc4
local               c0367ba4cdafb482d6c1b9a0f779b529c3d67af3e238ed5691963b8f8fe3d69a
local               f6c0f23e26406760e57d76ae295f5fe9bfc22f64f3853a6ed19362dfa337b724
local               fa8397d9969b66fb8f54b2411a39289f58ee971410656f784360be59174fee9b
local               wp-db-volume

jeff@jeff-VirtualBox:~$ docker run -d --name wp-db2 --network wp-network -e MYSQL_ROOT_PASSWORD=password1 -e MYSQL_DATABASE=wp -v /wp-db-volume:/var/lib/mysql mysql:5.7
42a9184166200b5ab8666d48533ba0fafb19ee32d7604cfd4b302ff95bcc96fc

jeff@jeff-VirtualBox:~$ docker run -d --name wp2 --network wp-network -e WORDPRESS_DB_PASSWORD=password1 -e WORDPRESS_DB_HOST=wp-db2 -p 8080:80 wordpress
2e92886264b2105b467845e0e1aa49ffad65900d85e2440cada5b278836521f2

jeff@jeff-VirtualBox:~$
jeff@jeff-VirtualBox:~$ docker inspect --type volume wp-db-volume
[
    {
        "CreatedAt": "2019-11-30T14:27:21+09:00",
        "Driver": "local",
        "Labels": {},
        "Mountpoint": "/var/lib/docker/volumes/wp-db-volume/_data",
        "Name": "wp-db-volume",
        "Options": {},
        "Scope": "local"
    }
]


jeff@jeff-VirtualBox:~$ sudo ls /var/lib/docker/volumes/wp-db-volume/
_data

jeff@jeff-VirtualBox:~$ docker ps
CONTAINER ID        IMAGE               COMMAND                  CREATED             STATUS              PORTS                  NAMES
2e92886264b2        wordpress           "docker-entrypoint.s…"   2 minutes ago       Up 2 minutes        0.0.0.0:8080->80/tcp   wp2
42a918416620        mysql:5.7           "docker-entrypoint.s…"   3 minutes ago       Up 3 minutes        3306/tcp, 33060/tcp    wp-db2

jeff@jeff-VirtualBox:~$ docker exec -it wp-db2 bash

root@42a918416620:/# mysql -uroot -ppassword1
mysql: [Warning] Using a password on the command line interface can be insecure.
Welcome to the MySQL monitor.  Commands end with ; or \g.
Your MySQL connection id is 3
Server version: 5.7.28 MySQL Community Server (GPL)

Copyright (c) 2000, 2019, Oracle and/or its affiliates. All rights reserved.

Oracle is a registered trademark of Oracle Corporation and/or its
affiliates. Other names may be trademarks of their respective
owners.

Type 'help;' or '\h' for help. Type '\c' to clear the current input statement.

mysql> SHOW DATABASES;
+--------------------+
| Database           |
+--------------------+
| information_schema |
| mysql              |
| performance_schema |
| sys                |
| wordpress          |
| wp                 |
+--------------------+
6 rows in set (0.00 sec)

mysql> CREATE DATABASE docker_testdb2;
Query OK, 1 row affected (0.00 sec)

mysql> SHOW DATABASES;
+--------------------+
| Database           |
+--------------------+
| information_schema |
| docker_testdb2     |
| mysql              |
| performance_schema |
| sys                |
| wordpress          |
| wp                 |
+--------------------+
7 rows in set (0.00 sec)

mysql> quit;
Bye

root@42a918416620:/# ls /var/lib/mysql
auto.cnf    ca.pem           client-key.pem  ib_buffer_pool  ib_logfile1  ibtmp1  performance_schema  public_key.pem   server-key.pem  wordpress
ca-key.pem  client-cert.pem  docker_testdb2  ib_logfile0     ibdata1      mysql   private_key.pem     server-cert.pem  sys             wp
root@42a918416620:/# read escape sequence
jeff@jeff-VirtualBox:~$ sudo ls /var/lib/docker/volumes/wp-db-volume/_data
jeff@jeff-VirtualBox:~$ docker volume rm wp-db-volume
wp-db-volume






---------------------------------------
jeff@jeff-VirtualBox:~$ docker inspect --format="{{ .HostConfig.Binds }}" wp-db2
[/wp-db-volume:/var/lib/mysql]