jeff@jeff-VirtualBox:~$ docker run -d --name wordpressdb -e MYSQL_ROOT_PASSWORD=password -e MYSQL_DATABASE=wordpress mysql:5.7
2742f6d085e706b00d055def1f1df3ff09e89649f22572149848ad32d2056e67
jeff@jeff-VirtualBox:~$ docker run -d -e WORDPRESS_DB_PASSWORD=password --name wordpress --link wordpressdb:mysql -p 80 wordpress
Unable to find image 'wordpress:latest' locally
latest: Pulling from library/wordpress
000eee12ec04: Already exists
8ae4f9fcfeea: Pull complete
60f22fbbd07a: Pull complete
ccc7a63ad75f: Pull complete
a2427b8dd6e7: Pull complete
91cac3b30184: Pull complete
d6e40015fc10: Pull complete
3951eb02eb9d: Pull complete
a30c5ce4d825: Pull complete
1d2fc8e19e4d: Pull complete
9b97f2ec9d5a: Pull complete
4718e44d224b: Pull complete
2634bc7ec724: Pull complete
e796f1fd7c17: Pull complete
4bf321c4d9fe: Pull complete
76f3acfcb098: Pull complete
81aed30aa994: Pull complete
cddcbd84aeb0: Pull complete
15bc50e4fc70: Pull complete
6cb2d36fffb1: Pull complete
c6d4d9c94101: Pull complete
Digest: sha256:dc5f6894f36e276306a0588f4f6012116efb99baee330967b744fdad6ec33445
Status: Downloaded newer image for wordpress:latest
ec4f02389ee52bd1deb2aa77cb31585ab9eddecdf185a8cdab7874c74ae570f9
jeff@jeff-VirtualBox:~$ docker ps
CONTAINER ID        IMAGE                    COMMAND                  CREATED             STATUS              PORTS                    NAMES
ec4f02389ee5        wordpress                "docker-entrypoint.s…"   5 seconds ago       Up 4 seconds        0.0.0.0:32768->80/tcp    wordpress
2742f6d085e7        mysql:5.7                "docker-entrypoint.s…"   2 minutes ago       Up About a minute   3306/tcp, 33060/tcp      wordpressdb
13c90f37879d        nginx                    "nginx -g 'daemon of…"   15 minutes ago      Up 15 minutes       0.0.0.0:80->80/tcp       webserver
d962d6b7896b        centos:6                 "bash"                   43 minutes ago      Up 43 minutes                                centos6_test
615ca25e6790        centos:7                 "bash"                   About an hour ago   Up About an hour                             cranky_proskuriakova
6a395b126fd1        centos:7                 "bash"                   About an hour ago   Up About an hour                             lucid_wu
66f77750e28f        ubuntu                   "/bin/bash"              2 hours ago         Up 2 hours                                   frosty_lalande
37919df107b4        ubuntu:16.04             "/bin/bash"              2 hours ago         Up 2 hours                                   ubuntu_volume
a2525e88b979        google/cadvisor:latest   "/usr/bin/cadvisor -…"   3 hours ago         Up 3 hours          0.0.0.0:8080->8080/tcp   cadvisor
165ced5dd18b        nginx                    "nginx -g 'daemon of…"   3 hours ago         Up 3 hours          80/tcp                   ngninx_mem_1g
jeff@jeff-VirtualBox:~$ docker port wordpress
80/tcp -> 0.0.0.0:32768
jeff@jeff-VirtualBox:~$ docker exec -it wordpress bash
root@ec4f02389ee5:/var/www/html# cd
root@ec4f02389ee5:~# mysql -uroot -ppassword
bash: mysql: command not found
root@ec4f02389ee5:~# cd /
root@ec4f02389ee5:/# mysql -uroot -ppassword
bash: mysql: command not found
root@ec4f02389ee5:/# read escape sequence
jeff@jeff-VirtualBox:~$
jeff@jeff-VirtualBox:~$
jeff@jeff-VirtualBox:~$ docker exec -it wordpressdb bash
root@2742f6d085e7:/# mysql -uroot -ppassword
mysql: [Warning] Using a password on the command line interface can be insecure.
Welcome to the MySQL monitor.  Commands end with ; or \g.
Your MySQL connection id is 3
Server version: 5.7.28 MySQL Community Server (GPL)

Copyright (c) 2000, 2019, Oracle and/or its affiliates. All rights reserved.

Oracle is a registered trademark of Oracle Corporation and/or its
affiliates. Other names may be trademarks of their respective
owners.

Type 'help;' or '\h' for help. Type '\c' to clear the current input statement.

mysql> SHOW DATABASES;
+--------------------+
| Database           |
+--------------------+
| information_schema |
| mysql              |
| performance_schema |
| sys                |
| wordpress          |
+--------------------+
5 rows in set (0.00 sec)

mysql> USE wordpress;
Database changed


mysql> SHOW TABLES;
Empty set (0.00 sec)


------------------- 작업 후 --------------------------------




mysql> SHOW TABLES;
+-----------------------+
| Tables_in_wordpress   |
+-----------------------+
| wp_commentmeta        |
| wp_comments           |
| wp_links              |
| wp_options            |
| wp_postmeta           |
| wp_posts              |
| wp_term_relationships |
| wp_term_taxonomy      |
| wp_termmeta           |
| wp_terms              |
| wp_usermeta           |
| wp_users              |
+-----------------------+
12 rows in set (0.00 sec)

mysql> SELECT * FROM wp_links;
Empty set (0.00 sec)

mysql> SELECT * FROM wp_comments;
+------------+-----------------+----------------+-------------------------+------------------------+-------------------+---------------------+---------------------+----------------------------------------------------------------------------------------------------------------------------+---------------+------------------+---------------+--------------+----------------+---------+
| comment_ID | comment_post_ID | comment_author | comment_author_email    | comment_author_url     | comment_author_IP | comment_date        | comment_date_gmt    | comment_content                                                                                                            | comment_karma | comment_approved | comment_agent | comment_type | comment_parent | user_id |
+------------+-----------------+----------------+-------------------------+------------------------+-------------------+---------------------+---------------------+----------------------------------------------------------------------------------------------------------------------------+---------------+------------------+---------------+--------------+----------------+---------+
|          1 |               1 | ????? ?? ???   | wapuu@wordpress.example | https://wordpress.org/ |                   | 2019-11-30 12:25:32 | 2019-11-30 03:25:32 | ?????, ??? ?????.
??? ??, ??, ??? ????? ??? ??? ?? ???? ???.
?? ???? ???? <a href="https://gravatar.com">????</a>?? ?????. |             0 | 1                |               |              |              0 |       0 |
+------------+-----------------+----------------+-------------------------+------------------------+-------------------+---------------------+---------------------+----------------------------------------------------------------------------------------------------------------------------+---------------+------------------+---------------+--------------+----------------+---------+
1 row in set (0.00 sec)

mysql> SELECT * FROM wp_users;
+----+------------+------------------------------------+---------------+--------------------+----------+---------------------+---------------------+-------------+--------------+
| ID | user_login | user_pass                          | user_nicename | user_email         | user_url | user_registered     | user_activation_key | user_status | display_name |
+----+------------+------------------------------------+---------------+--------------------+----------+---------------------+---------------------+-------------+--------------+
|  1 | docker     | $P$BZP2o3SyPEuvy7wZDrUt4WAw4pOTYf1 | docker        | quarklep@naver.com |          | 2019-11-30 03:25:32 |                     |           0 | docker       |
+----+------------+------------------------------------+---------------+--------------------+----------+---------------------+---------------------+-------------+--------------+
1 row in set (0.00 sec)

